[cornhub.website/index.html]
[backblue.gif]
[fade.gif]
[index.html]
[cornhub.website/favicon.ico]
[cornhub.website/logo192.png]
[cornhub.website/manifest.json]
[pagead2.googlesyndication.com/pagead/js/fa4c9.txt]
[cornhub.website/_next/static/css/e5bd0936de33f09c.css]
[cornhub.website/_next/static/chunks/polyfills-c67a75d1b6f99dc8.js]
[cornhub.website/_next/static/chunks/webpack-37b93092a5d189a3.js]
[cornhub.website/_next/static/chunks/framework-10e54b987c71d34b.js]
[cornhub.website/_next/static/chunks/main-361562832f066b3b.js]
[cornhub.website/_next/static/chunks/pages/_app-0e54199be64568ff.js]
[cornhub.website/_next/static/chunks/36-6898a9c5b4f56f7b.js]
[cornhub.website/_next/static/chunks/pages/index-9cfa100046c25e54.js]
[cornhub.website/_next/static/4bg5vpI_ABvDhQk-fo5-d/_buildManifest.js]
[cornhub.website/_next/static/4bg5vpI_ABvDhQk-fo5-d/_ssgManifest.js]
[cornhub.objectdepot.net/static/logo_transparent_black_hub.png]
[cornhub.website/model.html]
[cornhub.website/video/chb9844c42366b8.html]
[cornhub.objectdepot.net/thumbnail/chb9844c42366b8/hq.jpg]
[cornhub.website/model/popped.html]
[cornhub.website/video/ch1b557cca0742c.html]
[cornhub.objectdepot.net/thumbnail/ch1b557cca0742c/hq.jpg]
[cornhub.website/model/cvideos.html]
[cornhub.website/video/ch58861e6f84de4.html]
[cornhub.objectdepot.net/thumbnail/ch58861e6f84de4/hq.jpg]
[cornhub.website/model/cobbers.html]
[cornhub.website/video/ch05a284b79b71d.html]
[cornhub.objectdepot.net/thumbnail/ch05a284b79b71d/hq.jpg]
[cornhub.website/model/gijs.html]
[cornhub.website/video/chfe584ab6fa64a.html]
[cornhub.objectdepot.net/thumbnail/chfe584ab6fa64a/hq.jpg]
[cornhub.website/video/ch6f6c5e78642e5.html]
[cornhub.objectdepot.net/thumbnail/ch6f6c5e78642e5/hq.jpg]
[cornhub.website/video/cha08b874836d3b.html]
[cornhub.objectdepot.net/thumbnail/cha08b874836d3b/hq.jpg]
[cornhub.objectdepot.net/banner/butteredcob.jpg]
[cornhub.website/model/butteredcob.html]
[cornhub.objectdepot.net/profilepicture/butteredcob.jpg]
[cornhub.objectdepot.net/banner/cvideos.png]
[cornhub.objectdepot.net/profilepicture/cvideos.png]
[cornhub.objectdepot.net/static/default_banner.jpg]
[cornhub.objectdepot.net/profilepicture/cobbers.png]
[cornhub.objectdepot.net/profilepicture/gijs.jpg]
[cornhub.website/video/ch30a3ecc6f1625.html]
[cornhub.objectdepot.net/thumbnail/ch30a3ecc6f1625/hq.jpg]
[cornhub.website/video/chca6303bfa3238.html]
[cornhub.objectdepot.net/thumbnail/chca6303bfa3238/hq.jpg]
[cornhub.website/legal/terms.html]
[cornhub.website/legal/privacy.html]
[cornhub.website/legal/fairuse.html]
[cornhub.website/contact/advertise.html]
[cornhub.website/contact.html]
[cornhub.objectdepot.net/static/icons/discord.png]
[cornhub.website/index.html]
[cornhub.website/_next/static/css/e5bd0936de33f09c.css]
[cornhub.website/_next/static/chunks/pages/model-931ddde8e5b2419f.js]
[cornhub.objectdepot.net/profilepicture/popped.jpg]
[cornhub.website/model.html]
[cornhub.website/_next/static/css/05af01404876de90.css]
[cornhub.website/_next/static/chunks/187-6b5732e9d98a788c.js]
[cornhub.website/_next/static/chunks/pages/video/[id]-1873da6eb601b0f7.js]
[cornhub.objectdepot.net/static/loading.gif]
[cornhub.website/video/chb9844c42366b8.html]
[cornhub.website/_next/static/chunks/pages/model/[id]-0065ea7d8f6835a9.js]
[cornhub.objectdepot.net/banner/popped.jpg]
[cornhub.website/model/popped.html]
[cornhub.website/video/ch1b557cca0742c.html]
[cornhub.website/video/ch2946eb16a1158.html]
[cornhub.objectdepot.net/thumbnail/ch2946eb16a1158/hq.jpg]
[cornhub.website/video/ch6cef1116f01e6.html]
[cornhub.objectdepot.net/thumbnail/ch6cef1116f01e6/hq.jpg]
[cornhub.website/model/cvideos.html]
[cornhub.website/video/ch58861e6f84de4.html]
[cornhub.website/video/chc0b23fe5ebd56.html]
[cornhub.objectdepot.net/thumbnail/chc0b23fe5ebd56/hq.jpg]
[cornhub.website/model/cobbers.html]
[cornhub.website/video/ch05a284b79b71d.html]
[cornhub.website/video/ch338e7aeae5bbc.html]
[cornhub.objectdepot.net/thumbnail/ch338e7aeae5bbc/hq.jpg]
[cornhub.website/video/ch6712a096af6eb.html]
[cornhub.objectdepot.net/thumbnail/ch6712a096af6eb/hq.jpg]
[cornhub.website/video/chcff2c0aa54f26.html]
[cornhub.objectdepot.net/thumbnail/chcff2c0aa54f26/hq.jpg]
[cornhub.website/model/gijs.html]
[cornhub.website/video/chfe584ab6fa64a.html]
[cornhub.website/video/ch6f6c5e78642e5.html]
[cornhub.website/video/cha08b874836d3b.html]
[cornhub.website/video/ch0f628736a9157.html]
[cornhub.objectdepot.net/thumbnail/ch0f628736a9157/hq.jpg]
[cornhub.website/video/ch8ff481b71afad.html]
[cornhub.objectdepot.net/thumbnail/ch8ff481b71afad/hq.jpg]
[cornhub.website/model/butteredcob.html]
[cornhub.website/video/ch30a3ecc6f1625.html]
[cornhub.website/video/chca6303bfa3238.html]
[cornhub.website/legal/terms.html]
[cornhub.website/_next/static/chunks/pages/legal/terms-7ccc3f61b8b8f307.js]
[cornhub.website/legal/privacy.html]
[cornhub.website/_next/static/chunks/pages/legal/privacy-7024b3be688b5ae3.js]
[cornhub.website/legal/fairuse.html]
[cornhub.website/_next/static/chunks/pages/legal/fairuse-2c2389d3281eea7f.js]
[cornhub.website/contact/advertise.html]
[cornhub.website/_next/static/chunks/pages/contact/advertise-17aeb74e4922cd97.js]
[cornhub.website/_next/static/chunks/pages/contact-61b54560bfb9d7c4.js]
[cornhub.website/cdn-cgi/l/email-protection.html]
[cornhub.website/contact.html]
[cornhub.website/_next/static/css/05af01404876de90.css]
[cornhub.website/video/ch2946eb16a1158.html]
[cornhub.website/video/ch6cef1116f01e6.html]
[cornhub.website/video/chc0b23fe5ebd56.html]
[cornhub.website/video/ch338e7aeae5bbc.html]
[cornhub.website/video/ch6712a096af6eb.html]
[cornhub.website/video/chcff2c0aa54f26.html]
[cornhub.website/video/ch0f628736a9157.html]
[cornhub.website/video/ch8ff481b71afad.html]
[cornhub.website/cdn-cgi/l/email-protection.html]
[cornhub.website/cdn-cgi/scripts/5c5dd728/cloudflare-static/email-decode.min.js]
